2026-04-30 14:28:14,391 [INFO] Fetching from data.seattle.gov (dataset: tazs-3rd5)...
2026-04-30 14:28:14,392 [WARNING] Requests made without an app_token will be subject to strict throttling limits.
2026-04-30 14:28:31,436 [INFO]   Raw records from data.seattle.gov: 50000
2026-04-30 14:28:31,638 [INFO]   Port-tagged records from data.seattle.gov: 7989
2026-04-30 14:28:31,661 [INFO] Fetching from data.lacity.org (dataset: 2nrs-mtv8)...
2026-04-30 14:28:31,661 [WARNING] Requests made without an app_token will be subject to strict throttling limits.
2026-04-30 14:28:35,019 [INFO]   Raw records from data.lacity.org: 50000
2026-04-30 14:28:35,253 [INFO]   Port-tagged records from data.lacity.org: 40
2026-04-30 14:28:35,280 [INFO] Fetching from data.houstontx.gov (dataset: mnz3-dyi8)...
2026-04-30 14:28:35,281 [WARNING] Requests made without an app_token will be subject to strict throttling limits.
2026-04-30 14:28:35,910 [WARNING] Attempt 1/3 failed for dataset 'mnz3-dyi8': 404 Client Error: Not Found. Retrying in 1s...
2026-04-30 14:28:37,047 [WARNING] Attempt 2/3 failed for dataset 'mnz3-dyi8': 404 Client Error: Not Found. Retrying in 2s...
2026-04-30 14:28:39,174 [WARNING] Attempt 3/3 failed for dataset 'mnz3-dyi8': 404 Client Error: Not Found. Retrying in 4s...
2026-04-30 14:28:43,174 [ERROR] All 3 retries exhausted for dataset 'mnz3-dyi8'. Skipping.
2026-04-30 14:28:43,174 [WARNING] No records returned from data.houstontx.gov.
2026-04-30 14:28:43,176 [INFO] Fetching from data.cityofnewyork.us (dataset: qgea-i56i)...
2026-04-30 14:28:43,176 [WARNING] Requests made without an app_token will be subject to strict throttling limits.
2026-04-30 14:29:03,278 [INFO]   Raw records from data.cityofnewyork.us: 50000
2026-04-30 14:29:03,554 [INFO]   Port-tagged records from data.cityofnewyork.us: 17
2026-04-30 14:29:03,598 [INFO] Fetching from data.cityofchicago.org (dataset: ijzp-q8t2)...
2026-04-30 14:29:03,599 [WARNING] Requests made without an app_token will be subject to strict throttling limits.
2026-04-30 14:29:09,819 [INFO]   Raw records from data.cityofchicago.org: 50000
2026-04-30 14:29:10,029 [INFO]   No records near any port from data.cityofchicago.org.
2026-04-30 14:29:10,061 [INFO] Fetching from data.baltimorecity.gov (dataset: wsfq-mvij)...
2026-04-30 14:29:10,062 [WARNING] Requests made without an app_token will be subject to strict throttling limits.
2026-04-30 14:29:11,022 [WARNING] Attempt 1/3 failed for dataset 'wsfq-mvij': Unknown response format: text/html. Retrying in 1s...
2026-04-30 14:29:12,122 [WARNING] Attempt 2/3 failed for dataset 'wsfq-mvij': Unknown response format: text/html. Retrying in 2s...
2026-04-30 14:29:14,223 [WARNING] Attempt 3/3 failed for dataset 'wsfq-mvij': Unknown response format: text/html. Retrying in 4s...
2026-04-30 14:29:18,224 [ERROR] All 3 retries exhausted for dataset 'wsfq-mvij'. Skipping.
2026-04-30 14:29:18,224 [WARNING] No records returned from data.baltimorecity.gov.
2026-04-30 14:29:18,226 [INFO] Fetching from data.sfgov.org (dataset: wg3w-h783)...
2026-04-30 14:29:18,226 [WARNING] Requests made without an app_token will be subject to strict throttling limits.
2026-04-30 14:29:34,254 [INFO]   Raw records from data.sfgov.org: 50000
2026-04-30 14:29:34,485 [INFO]   No records near any port from data.sfgov.org.
2026-04-30 14:29:34,526 [INFO] Fetching from data.boston.gov (dataset: qem9-ugh5)...
2026-04-30 14:29:34,526 [WARNING] Requests made without an app_token will be subject to strict throttling limits.
2026-04-30 14:29:35,224 [WARNING] Attempt 1/3 failed for dataset 'qem9-ugh5': 404 Client Error: Not Found. Retrying in 1s...
2026-04-30 14:29:36,390 [WARNING] Attempt 2/3 failed for dataset 'qem9-ugh5': 404 Client Error: Not Found. Retrying in 2s...
2026-04-30 14:29:38,526 [WARNING] Attempt 3/3 failed for dataset 'qem9-ugh5': 404 Client Error: Not Found. Retrying in 4s...
2026-04-30 14:29:42,527 [ERROR] All 3 retries exhausted for dataset 'qem9-ugh5'. Skipping.
2026-04-30 14:29:42,527 [WARNING] No records returned from data.boston.gov.
2026-04-30 14:29:42,528 [INFO] Fetching from data.oaklandca.gov (dataset: ppgh-7dqv)...
2026-04-30 14:29:42,529 [WARNING] Requests made without an app_token will be subject to strict throttling limits.
2026-04-30 14:29:45,897 [INFO]   Raw records from data.oaklandca.gov: 50000
2026-04-30 14:29:45,898 [WARNING] 'data.oaklandca.gov' missing expected columns: ['latitude', 'longitude']
2026-04-30 14:29:45,922 [INFO] Pipeline complete: 7429 total records from 3 cities.
2026-04-30 14:33:32,181 [INFO] Fetching from data.seattle.gov (dataset: tazs-3rd5)...
2026-04-30 14:33:32,181 [WARNING] Requests made without an app_token will be subject to strict throttling limits.
2026-04-30 14:33:42,740 [WARNING] Attempt 1/3 failed for dataset 'tazs-3rd5': HTTPSConnectionPool(host='data.seattle.gov', port=443): Read timed out. (read timeout=10). Retrying in 1s...
2026-04-30 14:33:44,315 [WARNING] Attempt 2/3 failed for dataset 'tazs-3rd5': 500 Server Error: Server Error.
	Internal error: please include code 90edd3bf-7609-4dec-9a40-e5a04ca23383 if you report the error. Retrying in 2s...
2026-04-30 15:02:18,895 [INFO] Fetching from data.seattle.gov (dataset: tazs-3rd5)...
2026-04-30 15:02:18,895 [WARNING] Requests made without an app_token will be subject to strict throttling limits.
2026-04-30 15:02:21,770 [INFO]   Raw records from data.seattle.gov: 50000
2026-04-30 15:02:21,971 [INFO]   Port-tagged records from data.seattle.gov: 7989
2026-04-30 15:02:21,991 [INFO] Fetching from data.lacity.org (dataset: 2nrs-mtv8)...
2026-04-30 15:02:21,992 [WARNING] Requests made without an app_token will be subject to strict throttling limits.
2026-04-30 15:02:22,071 [INFO] Fetching from data.seattle.gov (dataset: tazs-3rd5)...
2026-04-30 15:02:22,071 [WARNING] Requests made without an app_token will be subject to strict throttling limits.
2026-04-30 15:02:26,235 [INFO]   Raw records from data.lacity.org: 50000
2026-04-30 15:02:26,623 [INFO]   Raw records from data.seattle.gov: 50000
2026-04-30 15:02:26,891 [INFO]   Port-tagged records from data.lacity.org: 40
2026-04-30 15:02:26,921 [INFO] Fetching from data.houstontx.gov (dataset: mnz3-dyi8)...
2026-04-30 15:02:26,923 [WARNING] Requests made without an app_token will be subject to strict throttling limits.
2026-04-30 15:02:27,009 [INFO]   Port-tagged records from data.seattle.gov: 7989
2026-04-30 15:02:27,030 [INFO] Fetching from data.lacity.org (dataset: 2nrs-mtv8)...
2026-04-30 15:02:27,030 [WARNING] Requests made without an app_token will be subject to strict throttling limits.
2026-04-30 15:02:27,637 [WARNING] Attempt 1/3 failed for dataset 'mnz3-dyi8': 404 Client Error: Not Found. Retrying in 1s...
2026-04-30 15:02:29,083 [INFO]   Raw records from data.lacity.org: 50000
2026-04-30 15:02:29,209 [WARNING] Attempt 2/3 failed for dataset 'mnz3-dyi8': 404 Client Error: Not Found. Retrying in 2s...
2026-04-30 15:02:29,337 [INFO]   Port-tagged records from data.lacity.org: 40
2026-04-30 15:02:29,366 [INFO] Fetching from data.houstontx.gov (dataset: mnz3-dyi8)...
2026-04-30 15:02:29,366 [WARNING] Requests made without an app_token will be subject to strict throttling limits.
2026-04-30 15:02:30,065 [WARNING] Attempt 1/3 failed for dataset 'mnz3-dyi8': 404 Client Error: Not Found. Retrying in 1s...
2026-04-30 15:02:31,196 [WARNING] Attempt 2/3 failed for dataset 'mnz3-dyi8': 404 Client Error: Not Found. Retrying in 2s...
2026-04-30 15:02:31,377 [WARNING] Attempt 3/3 failed for dataset 'mnz3-dyi8': 404 Client Error: Not Found. Retrying in 4s...
2026-04-30 15:02:33,340 [WARNING] Attempt 3/3 failed for dataset 'mnz3-dyi8': 404 Client Error: Not Found. Retrying in 4s...
2026-04-30 15:02:35,378 [ERROR] All 3 retries exhausted for dataset 'mnz3-dyi8'. Skipping.
2026-04-30 15:02:35,378 [WARNING] No records returned from data.houstontx.gov.
2026-04-30 15:02:35,380 [INFO] Fetching from data.cityofnewyork.us (dataset: qgea-i56i)...
2026-04-30 15:02:35,380 [WARNING] Requests made without an app_token will be subject to strict throttling limits.
2026-04-30 15:02:37,341 [ERROR] All 3 retries exhausted for dataset 'mnz3-dyi8'. Skipping.
2026-04-30 15:02:37,341 [WARNING] No records returned from data.houstontx.gov.
2026-04-30 15:02:37,342 [INFO] Fetching from data.cityofnewyork.us (dataset: qgea-i56i)...
2026-04-30 15:02:37,342 [WARNING] Requests made without an app_token will be subject to strict throttling limits.
2026-04-30 15:03:07,877 [INFO]   Raw records from data.cityofnewyork.us: 50000
2026-04-30 15:03:08,114 [INFO]   Raw records from data.cityofnewyork.us: 50000
2026-04-30 15:03:08,535 [INFO]   Port-tagged records from data.cityofnewyork.us: 17
2026-04-30 15:03:08,578 [INFO] Fetching from data.cityofchicago.org (dataset: ijzp-q8t2)...
2026-04-30 15:03:08,580 [WARNING] Requests made without an app_token will be subject to strict throttling limits.
2026-04-30 15:03:08,652 [INFO]   Port-tagged records from data.cityofnewyork.us: 17
2026-04-30 15:03:08,699 [INFO] Fetching from data.cityofchicago.org (dataset: ijzp-q8t2)...
2026-04-30 15:03:08,699 [WARNING] Requests made without an app_token will be subject to strict throttling limits.
2026-04-30 15:03:11,475 [INFO]   Raw records from data.cityofchicago.org: 50000
2026-04-30 15:03:11,706 [INFO]   No records near any port from data.cityofchicago.org.
2026-04-30 15:03:11,749 [INFO] Fetching from data.baltimorecity.gov (dataset: wsfq-mvij)...
2026-04-30 15:03:11,749 [WARNING] Requests made without an app_token will be subject to strict throttling limits.
2026-04-30 15:03:12,731 [WARNING] Attempt 1/3 failed for dataset 'wsfq-mvij': Unknown response format: text/html. Retrying in 1s...
2026-04-30 15:03:13,832 [WARNING] Attempt 2/3 failed for dataset 'wsfq-mvij': Unknown response format: text/html. Retrying in 2s...
2026-04-30 15:03:14,871 [INFO]   Raw records from data.cityofchicago.org: 50000
2026-04-30 15:03:15,093 [INFO]   No records near any port from data.cityofchicago.org.
2026-04-30 15:03:15,126 [INFO] Fetching from data.baltimorecity.gov (dataset: wsfq-mvij)...
2026-04-30 15:03:15,126 [WARNING] Requests made without an app_token will be subject to strict throttling limits.
2026-04-30 15:03:15,927 [WARNING] Attempt 3/3 failed for dataset 'wsfq-mvij': Unknown response format: text/html. Retrying in 4s...
2026-04-30 15:03:16,139 [WARNING] Attempt 1/3 failed for dataset 'wsfq-mvij': Unknown response format: text/html. Retrying in 1s...
2026-04-30 15:03:17,254 [WARNING] Attempt 2/3 failed for dataset 'wsfq-mvij': Unknown response format: text/html. Retrying in 2s...
2026-04-30 15:03:19,351 [WARNING] Attempt 3/3 failed for dataset 'wsfq-mvij': Unknown response format: text/html. Retrying in 4s...
2026-04-30 15:03:19,928 [ERROR] All 3 retries exhausted for dataset 'wsfq-mvij'. Skipping.
2026-04-30 15:03:19,928 [WARNING] No records returned from data.baltimorecity.gov.
2026-04-30 15:03:19,930 [INFO] Fetching from data.sfgov.org (dataset: wg3w-h783)...
2026-04-30 15:03:19,930 [WARNING] Requests made without an app_token will be subject to strict throttling limits.
2026-04-30 15:03:23,352 [ERROR] All 3 retries exhausted for dataset 'wsfq-mvij'. Skipping.
2026-04-30 15:03:23,352 [WARNING] No records returned from data.baltimorecity.gov.
2026-04-30 15:03:23,354 [INFO] Fetching from data.sfgov.org (dataset: wg3w-h783)...
2026-04-30 15:03:23,354 [WARNING] Requests made without an app_token will be subject to strict throttling limits.
2026-04-30 15:03:25,957 [INFO]   Raw records from data.sfgov.org: 50000
2026-04-30 15:03:26,200 [INFO]   No records near any port from data.sfgov.org.
2026-04-30 15:03:26,237 [INFO] Fetching from data.boston.gov (dataset: qem9-ugh5)...
2026-04-30 15:03:26,237 [WARNING] Requests made without an app_token will be subject to strict throttling limits.
2026-04-30 15:03:27,080 [WARNING] Attempt 1/3 failed for dataset 'qem9-ugh5': 404 Client Error: Not Found. Retrying in 1s...
2026-04-30 15:03:27,258 [INFO]   Raw records from data.sfgov.org: 50000
2026-04-30 15:03:27,502 [INFO]   No records near any port from data.sfgov.org.
2026-04-30 15:03:27,542 [INFO] Fetching from data.boston.gov (dataset: qem9-ugh5)...
2026-04-30 15:03:27,542 [WARNING] Requests made without an app_token will be subject to strict throttling limits.
2026-04-30 15:03:28,205 [WARNING] Attempt 1/3 failed for dataset 'qem9-ugh5': 404 Client Error: Not Found. Retrying in 1s...
2026-04-30 15:03:28,300 [WARNING] Attempt 2/3 failed for dataset 'qem9-ugh5': 404 Client Error: Not Found. Retrying in 2s...
2026-04-30 15:03:29,338 [WARNING] Attempt 2/3 failed for dataset 'qem9-ugh5': 404 Client Error: Not Found. Retrying in 2s...
2026-04-30 15:03:30,450 [WARNING] Attempt 3/3 failed for dataset 'qem9-ugh5': 404 Client Error: Not Found. Retrying in 4s...
2026-04-30 15:03:31,482 [WARNING] Attempt 3/3 failed for dataset 'qem9-ugh5': 404 Client Error: Not Found. Retrying in 4s...
2026-04-30 15:03:34,451 [ERROR] All 3 retries exhausted for dataset 'qem9-ugh5'. Skipping.
2026-04-30 15:03:34,451 [WARNING] No records returned from data.boston.gov.
2026-04-30 15:03:34,452 [INFO] Fetching from data.oaklandca.gov (dataset: ppgh-7dqv)...
2026-04-30 15:03:34,453 [WARNING] Requests made without an app_token will be subject to strict throttling limits.
2026-04-30 15:03:35,482 [ERROR] All 3 retries exhausted for dataset 'qem9-ugh5'. Skipping.
2026-04-30 15:03:35,483 [WARNING] No records returned from data.boston.gov.
2026-04-30 15:03:35,484 [INFO] Fetching from data.oaklandca.gov (dataset: ppgh-7dqv)...
2026-04-30 15:03:35,484 [WARNING] Requests made without an app_token will be subject to strict throttling limits.
2026-04-30 15:03:37,547 [INFO]   Raw records from data.oaklandca.gov: 50000
2026-04-30 15:03:37,547 [WARNING] 'data.oaklandca.gov' missing expected columns: ['latitude', 'longitude']
2026-04-30 15:03:37,573 [INFO] Pipeline complete: 7429 total records from 3 cities.
2026-04-30 15:03:38,165 [INFO] Websocket connected
2026-04-30 15:03:38,867 [ERROR] Connection to remote host was lost. - goodbye
2026-04-30 15:03:46,537 [INFO]   Raw records from data.oaklandca.gov: 50000
2026-04-30 15:03:46,537 [WARNING] 'data.oaklandca.gov' missing expected columns: ['latitude', 'longitude']
2026-04-30 15:03:46,563 [INFO] Pipeline complete: 7429 total records from 3 cities.
2026-04-30 15:03:47,148 [INFO] Websocket connected
2026-04-30 15:03:47,855 [ERROR] Connection to remote host was lost. - goodbye
2026-04-30 15:06:17,193 [INFO] Fetching from data.seattle.gov (dataset: tazs-3rd5)...
2026-04-30 15:06:17,193 [WARNING] Requests made without an app_token will be subject to strict throttling limits.
2026-04-30 15:06:30,039 [INFO]   Raw records from data.seattle.gov: 50000
2026-04-30 15:06:30,237 [INFO]   Port-tagged records from data.seattle.gov: 7989
2026-04-30 15:06:30,260 [INFO] Fetching from data.lacity.org (dataset: 2nrs-mtv8)...
2026-04-30 15:06:30,260 [WARNING] Requests made without an app_token will be subject to strict throttling limits.
2026-04-30 15:06:33,126 [INFO]   Raw records from data.lacity.org: 50000
2026-04-30 15:06:33,356 [INFO]   Port-tagged records from data.lacity.org: 40
2026-04-30 15:06:33,391 [INFO] Fetching from data.houstontx.gov (dataset: mnz3-dyi8)...
2026-04-30 15:06:33,392 [WARNING] Requests made without an app_token will be subject to strict throttling limits.
2026-04-30 15:06:33,988 [WARNING] Attempt 1/3 failed for dataset 'mnz3-dyi8': 404 Client Error: Not Found. Retrying in 1s...
2026-04-30 15:06:35,117 [WARNING] Attempt 2/3 failed for dataset 'mnz3-dyi8': 404 Client Error: Not Found. Retrying in 2s...
2026-04-30 15:06:37,248 [WARNING] Attempt 3/3 failed for dataset 'mnz3-dyi8': 404 Client Error: Not Found. Retrying in 4s...
2026-04-30 15:06:41,248 [ERROR] All 3 retries exhausted for dataset 'mnz3-dyi8'. Skipping.
2026-04-30 15:06:41,249 [WARNING] No records returned from data.houstontx.gov.
2026-04-30 15:06:41,250 [INFO] Fetching from data.cityofnewyork.us (dataset: qgea-i56i)...
2026-04-30 15:06:41,250 [WARNING] Requests made without an app_token will be subject to strict throttling limits.
2026-04-30 15:06:51,749 [WARNING] Attempt 1/3 failed for dataset 'qgea-i56i': HTTPSConnectionPool(host='data.cityofnewyork.us', port=443): Read timed out. (read timeout=10). Retrying in 1s...
2026-04-30 15:07:07,764 [INFO]   Raw records from data.cityofnewyork.us: 50000
2026-04-30 15:07:08,062 [INFO]   Port-tagged records from data.cityofnewyork.us: 17
2026-04-30 15:07:08,110 [INFO] Fetching from data.cityofchicago.org (dataset: ijzp-q8t2)...
2026-04-30 15:07:08,110 [WARNING] Requests made without an app_token will be subject to strict throttling limits.
2026-04-30 15:07:12,120 [INFO]   Raw records from data.cityofchicago.org: 50000
2026-04-30 15:07:12,326 [INFO]   No records near any port from data.cityofchicago.org.
2026-04-30 15:07:12,363 [INFO] Fetching from data.baltimorecity.gov (dataset: wsfq-mvij)...
2026-04-30 15:07:12,364 [WARNING] Requests made without an app_token will be subject to strict throttling limits.
2026-04-30 15:07:13,333 [WARNING] Attempt 1/3 failed for dataset 'wsfq-mvij': Unknown response format: text/html. Retrying in 1s...
2026-04-30 15:07:14,437 [WARNING] Attempt 2/3 failed for dataset 'wsfq-mvij': Unknown response format: text/html. Retrying in 2s...
2026-04-30 15:07:16,538 [WARNING] Attempt 3/3 failed for dataset 'wsfq-mvij': Unknown response format: text/html. Retrying in 4s...
2026-04-30 15:07:20,538 [ERROR] All 3 retries exhausted for dataset 'wsfq-mvij'. Skipping.
2026-04-30 15:07:20,539 [WARNING] No records returned from data.baltimorecity.gov.
2026-04-30 15:07:20,541 [INFO] Fetching from data.sfgov.org (dataset: wg3w-h783)...
2026-04-30 15:07:20,541 [WARNING] Requests made without an app_token will be subject to strict throttling limits.
2026-04-30 15:07:33,897 [INFO]   Raw records from data.sfgov.org: 50000
2026-04-30 15:07:34,121 [INFO]   No records near any port from data.sfgov.org.
2026-04-30 15:07:34,163 [INFO] Fetching from data.boston.gov (dataset: qem9-ugh5)...
2026-04-30 15:07:34,163 [WARNING] Requests made without an app_token will be subject to strict throttling limits.
2026-04-30 15:07:34,833 [WARNING] Attempt 1/3 failed for dataset 'qem9-ugh5': 404 Client Error: Not Found. Retrying in 1s...
2026-04-30 15:07:35,970 [WARNING] Attempt 2/3 failed for dataset 'qem9-ugh5': 404 Client Error: Not Found. Retrying in 2s...
2026-04-30 15:07:38,109 [WARNING] Attempt 3/3 failed for dataset 'qem9-ugh5': 404 Client Error: Not Found. Retrying in 4s...
2026-04-30 15:07:42,110 [ERROR] All 3 retries exhausted for dataset 'qem9-ugh5'. Skipping.
2026-04-30 15:07:42,110 [WARNING] No records returned from data.boston.gov.
2026-04-30 15:07:42,112 [INFO] Fetching from data.oaklandca.gov (dataset: ppgh-7dqv)...
2026-04-30 15:07:42,112 [WARNING] Requests made without an app_token will be subject to strict throttling limits.
2026-04-30 15:07:52,598 [WARNING] Attempt 1/3 failed for dataset 'ppgh-7dqv': HTTPSConnectionPool(host='data.oaklandca.gov', port=443): Read timed out. (read timeout=10). Retrying in 1s...
2026-04-30 15:07:55,068 [INFO]   Raw records from data.oaklandca.gov: 50000
2026-04-30 15:07:55,069 [WARNING] 'data.oaklandca.gov' missing expected columns: ['latitude', 'longitude']
2026-04-30 15:07:55,095 [INFO] Pipeline complete: 7429 total records from 3 cities.
2026-04-30 15:07:55,682 [INFO] Websocket connected
2026-04-30 15:07:56,398 [ERROR] Connection to remote host was lost. - goodbye
2026-04-30 15:08:08,732 [INFO] Websocket connected
2026-04-30 15:08:09,425 [ERROR] Connection to remote host was lost. - goodbye
2026-04-30 15:08:12,529 [INFO] Websocket connected
2026-04-30 15:08:13,201 [ERROR] Connection to remote host was lost. - goodbye
2026-04-30 15:08:15,336 [INFO] Websocket connected
2026-04-30 15:08:16,063 [ERROR] Connection to remote host was lost. - goodbye
2026-04-30 15:08:58,549 [INFO] Websocket connected
2026-04-30 15:08:59,256 [ERROR] Connection to remote host was lost. - goodbye
2026-04-30 15:09:03,061 [INFO] Websocket connected
2026-04-30 15:09:03,732 [ERROR] Connection to remote host was lost. - goodbye
2026-04-30 15:09:07,244 [INFO] Websocket connected
2026-04-30 15:09:07,910 [ERROR] Connection to remote host was lost. - goodbye
2026-04-30 15:09:18,650 [INFO] Websocket connected
2026-04-30 15:09:19,357 [ERROR] Connection to remote host was lost. - goodbye
2026-04-30 15:09:20,726 [INFO] Websocket connected
2026-04-30 15:09:21,429 [ERROR] Connection to remote host was lost. - goodbye
2026-04-30 15:09:31,006 [INFO] Websocket connected
2026-04-30 15:09:31,677 [ERROR] Connection to remote host was lost. - goodbye
2026-04-30 15:21:12,479 [INFO] Websocket connected
2026-04-30 15:21:13,154 [ERROR] Connection to remote host was lost. - goodbye
2026-04-30 15:21:15,330 [INFO] Websocket connected
2026-04-30 15:21:16,000 [ERROR] Connection to remote host was lost. - goodbye
2026-04-30 15:21:24,653 [INFO] Websocket connected
2026-04-30 15:21:25,320 [ERROR] Connection to remote host was lost. - goodbye
2026-04-30 15:21:30,265 [INFO] Websocket connected
2026-04-30 15:21:30,937 [ERROR] Connection to remote host was lost. - goodbye
2026-04-30 15:21:39,704 [INFO] Websocket connected
2026-04-30 15:21:40,412 [ERROR] Connection to remote host was lost. - goodbye
2026-04-30 15:23:55,132 [INFO] Websocket connected
2026-04-30 15:23:55,810 [ERROR] Connection to remote host was lost. - goodbye
2026-04-30 15:23:58,930 [INFO] Websocket connected
2026-04-30 15:23:59,605 [ERROR] Connection to remote host was lost. - goodbye
2026-04-30 15:25:02,042 [INFO] Websocket connected
2026-04-30 15:25:02,728 [ERROR] Connection to remote host was lost. - goodbye
2026-04-30 15:26:22,788 [INFO] Websocket connected
2026-04-30 15:26:23,461 [ERROR] Connection to remote host was lost. - goodbye
2026-04-30 15:27:19,847 [INFO] Websocket connected
2026-04-30 15:27:20,504 [ERROR] Connection to remote host was lost. - goodbye
2026-04-30 15:27:26,353 [INFO] Websocket connected
2026-04-30 15:27:27,033 [ERROR] Connection to remote host was lost. - goodbye
2026-04-30 15:30:11,961 [INFO] Websocket connected
2026-04-30 15:30:12,650 [ERROR] Connection to remote host was lost. - goodbye
2026-04-30 15:30:38,441 [INFO] Websocket connected
2026-04-30 15:30:39,113 [ERROR] Connection to remote host was lost. - goodbye
2026-04-30 15:30:46,763 [INFO] Websocket connected
2026-04-30 15:30:47,439 [ERROR] Connection to remote host was lost. - goodbye
2026-04-30 15:30:48,207 [INFO] Websocket connected
2026-04-30 15:30:48,903 [ERROR] Connection to remote host was lost. - goodbye
