2026-04-29 21:11:39,937 [INFO] Fetching from data.seattle.gov (dataset: tazs-3rd5)...
2026-04-29 21:11:39,937 [WARNING] Requests made without an app_token will be subject to strict throttling limits.
2026-04-29 21:12:19,798 [INFO]   Raw records from data.seattle.gov: 50000
2026-04-29 21:12:19,910 [INFO]   Port-tagged records from data.seattle.gov: 7989
2026-04-29 21:12:19,919 [INFO] Fetching from data.lacity.org (dataset: 2nrs-mtv8)...
2026-04-29 21:12:19,919 [WARNING] Requests made without an app_token will be subject to strict throttling limits.
2026-04-29 21:12:22,090 [INFO]   Raw records from data.lacity.org: 50000
2026-04-29 21:12:22,186 [INFO]   Port-tagged records from data.lacity.org: 40
2026-04-29 21:12:22,194 [INFO] Fetching from data.houstontx.gov (dataset: mnz3-dyi8)...
2026-04-29 21:12:22,194 [WARNING] Requests made without an app_token will be subject to strict throttling limits.
2026-04-29 21:12:22,792 [WARNING] Attempt 1/3 failed for dataset 'mnz3-dyi8': 404 Client Error: Not Found. Retrying in 1s...
2026-04-29 21:12:23,935 [WARNING] Attempt 2/3 failed for dataset 'mnz3-dyi8': 404 Client Error: Not Found. Retrying in 2s...
2026-04-29 21:12:26,074 [WARNING] Attempt 3/3 failed for dataset 'mnz3-dyi8': 404 Client Error: Not Found. Retrying in 4s...
2026-04-29 21:49:00,010 [INFO] Fetching from data.seattle.gov (dataset: tazs-3rd5)...
2026-04-29 21:49:00,011 [WARNING] Requests made without an app_token will be subject to strict throttling limits.
2026-04-29 21:49:20,044 [INFO]   Raw records from data.seattle.gov: 50000
2026-04-29 21:49:20,139 [INFO]   Port-tagged records from data.seattle.gov: 7989
2026-04-29 21:49:20,147 [INFO] Fetching from data.lacity.org (dataset: 2nrs-mtv8)...
2026-04-29 21:49:20,147 [WARNING] Requests made without an app_token will be subject to strict throttling limits.
2026-04-29 21:49:22,761 [INFO]   Raw records from data.lacity.org: 50000
2026-04-29 21:49:22,858 [INFO]   Port-tagged records from data.lacity.org: 40
2026-04-29 21:49:22,866 [INFO] Fetching from data.houstontx.gov (dataset: mnz3-dyi8)...
2026-04-29 21:49:22,866 [WARNING] Requests made without an app_token will be subject to strict throttling limits.
2026-04-29 21:49:23,164 [WARNING] Attempt 1/3 failed for dataset 'mnz3-dyi8': 404 Client Error: Not Found. Retrying in 1s...
2026-04-29 21:49:24,306 [WARNING] Attempt 2/3 failed for dataset 'mnz3-dyi8': 404 Client Error: Not Found. Retrying in 2s...
2026-04-29 21:49:26,511 [WARNING] Attempt 3/3 failed for dataset 'mnz3-dyi8': 404 Client Error: Not Found. Retrying in 4s...
2026-04-29 21:49:30,512 [ERROR] All 3 retries exhausted for dataset 'mnz3-dyi8'. Skipping.
2026-04-29 21:49:30,513 [WARNING] No records returned from data.houstontx.gov.
2026-04-29 21:49:30,515 [INFO] Fetching from data.cityofnewyork.us (dataset: qgea-i56i)...
2026-04-29 21:49:30,516 [WARNING] Requests made without an app_token will be subject to strict throttling limits.
2026-04-29 21:49:48,465 [INFO]   Raw records from data.cityofnewyork.us: 50000
2026-04-29 21:49:48,640 [INFO]   Port-tagged records from data.cityofnewyork.us: 17
2026-04-29 21:49:48,653 [INFO] Fetching from data.cityofchicago.org (dataset: ijzp-q8t2)...
2026-04-29 21:49:48,653 [WARNING] Requests made without an app_token will be subject to strict throttling limits.
2026-04-29 21:49:52,577 [INFO]   Raw records from data.cityofchicago.org: 50000
2026-04-29 21:49:52,663 [INFO]   No records near any port from data.cityofchicago.org.
2026-04-29 21:49:52,674 [INFO] Fetching from data.baltimorecity.gov (dataset: wsfq-mvij)...
2026-04-29 21:49:52,674 [WARNING] Requests made without an app_token will be subject to strict throttling limits.
2026-04-29 21:49:53,662 [WARNING] Attempt 1/3 failed for dataset 'wsfq-mvij': Unknown response format: text/html. Retrying in 1s...
2026-04-29 21:49:54,852 [WARNING] Attempt 2/3 failed for dataset 'wsfq-mvij': Unknown response format: text/html. Retrying in 2s...
2026-04-29 21:49:57,012 [WARNING] Attempt 3/3 failed for dataset 'wsfq-mvij': Unknown response format: text/html. Retrying in 4s...
2026-04-29 21:50:01,017 [ERROR] All 3 retries exhausted for dataset 'wsfq-mvij'. Skipping.
2026-04-29 21:50:01,017 [WARNING] No records returned from data.baltimorecity.gov.
2026-04-29 21:50:01,020 [INFO] Fetching from data.sfgov.org (dataset: wg3w-h783)...
2026-04-29 21:50:01,021 [WARNING] Requests made without an app_token will be subject to strict throttling limits.
2026-04-29 21:50:07,755 [INFO]   Raw records from data.sfgov.org: 50000
2026-04-29 21:50:07,862 [INFO]   No records near any port from data.sfgov.org.
2026-04-29 21:50:07,875 [INFO] Fetching from data.boston.gov (dataset: qem9-ugh5)...
2026-04-29 21:50:07,875 [WARNING] Requests made without an app_token will be subject to strict throttling limits.
2026-04-29 21:50:08,333 [WARNING] Attempt 1/3 failed for dataset 'qem9-ugh5': 404 Client Error: Not Found. Retrying in 1s...
2026-04-29 21:50:09,535 [WARNING] Attempt 2/3 failed for dataset 'qem9-ugh5': 404 Client Error: Not Found. Retrying in 2s...
2026-04-29 21:50:11,691 [WARNING] Attempt 3/3 failed for dataset 'qem9-ugh5': 404 Client Error: Not Found. Retrying in 4s...
2026-04-29 21:50:15,695 [ERROR] All 3 retries exhausted for dataset 'qem9-ugh5'. Skipping.
2026-04-29 21:50:15,695 [WARNING] No records returned from data.boston.gov.
2026-04-29 21:50:15,698 [INFO] Fetching from data.oaklandca.gov (dataset: ppgh-7dqv)...
2026-04-29 21:50:15,698 [WARNING] Requests made without an app_token will be subject to strict throttling limits.
2026-04-29 21:50:18,969 [INFO]   Raw records from data.oaklandca.gov: 50000
2026-04-29 21:50:18,969 [WARNING] 'data.oaklandca.gov' missing expected columns: ['latitude', 'longitude']
2026-04-29 21:50:18,983 [INFO] Pipeline complete: 7429 total records from 3 cities.
2026-04-29 22:00:39,360 [INFO] Fetching from data.seattle.gov (dataset: tazs-3rd5)...
2026-04-29 22:00:39,360 [WARNING] Requests made without an app_token will be subject to strict throttling limits.
2026-04-29 22:00:49,776 [INFO]   Raw records from data.seattle.gov: 50000
2026-04-29 22:00:49,876 [INFO]   Port-tagged records from data.seattle.gov: 7989
2026-04-29 22:00:49,887 [INFO] Fetching from data.lacity.org (dataset: 2nrs-mtv8)...
2026-04-29 22:00:49,887 [WARNING] Requests made without an app_token will be subject to strict throttling limits.
2026-04-29 22:00:52,050 [INFO]   Raw records from data.lacity.org: 50000
2026-04-29 22:00:52,145 [INFO]   Port-tagged records from data.lacity.org: 40
2026-04-29 22:00:52,156 [INFO] Fetching from data.houstontx.gov (dataset: mnz3-dyi8)...
2026-04-29 22:00:52,156 [WARNING] Requests made without an app_token will be subject to strict throttling limits.
2026-04-29 22:00:52,436 [WARNING] Attempt 1/3 failed for dataset 'mnz3-dyi8': 404 Client Error: Not Found. Retrying in 1s...
2026-04-29 22:00:53,595 [WARNING] Attempt 2/3 failed for dataset 'mnz3-dyi8': 404 Client Error: Not Found. Retrying in 2s...
2026-04-29 22:00:55,729 [WARNING] Attempt 3/3 failed for dataset 'mnz3-dyi8': 404 Client Error: Not Found. Retrying in 4s...
2026-04-29 22:00:59,732 [ERROR] All 3 retries exhausted for dataset 'mnz3-dyi8'. Skipping.
2026-04-29 22:00:59,735 [WARNING] No records returned from data.houstontx.gov.
2026-04-29 22:00:59,736 [INFO] Fetching from data.cityofnewyork.us (dataset: qgea-i56i)...
2026-04-29 22:00:59,736 [WARNING] Requests made without an app_token will be subject to strict throttling limits.
2026-04-29 22:01:20,996 [INFO]   Raw records from data.cityofnewyork.us: 50000
2026-04-29 22:01:21,148 [INFO]   Port-tagged records from data.cityofnewyork.us: 17
2026-04-29 22:01:21,162 [INFO] Fetching from data.cityofchicago.org (dataset: ijzp-q8t2)...
2026-04-29 22:01:21,162 [WARNING] Requests made without an app_token will be subject to strict throttling limits.
2026-04-29 22:01:24,793 [INFO]   Raw records from data.cityofchicago.org: 50000
2026-04-29 22:01:24,874 [INFO]   No records near any port from data.cityofchicago.org.
2026-04-29 22:01:24,885 [INFO] Fetching from data.baltimorecity.gov (dataset: wsfq-mvij)...
2026-04-29 22:01:24,885 [WARNING] Requests made without an app_token will be subject to strict throttling limits.
2026-04-29 22:01:25,476 [WARNING] Attempt 1/3 failed for dataset 'wsfq-mvij': Unknown response format: text/html. Retrying in 1s...
2026-04-29 22:01:26,674 [WARNING] Attempt 2/3 failed for dataset 'wsfq-mvij': Unknown response format: text/html. Retrying in 2s...
2026-04-29 22:01:28,798 [WARNING] Attempt 3/3 failed for dataset 'wsfq-mvij': Unknown response format: text/html. Retrying in 4s...
2026-04-29 22:01:32,803 [ERROR] All 3 retries exhausted for dataset 'wsfq-mvij'. Skipping.
2026-04-29 22:01:32,803 [WARNING] No records returned from data.baltimorecity.gov.
2026-04-29 22:01:32,807 [INFO] Fetching from data.sfgov.org (dataset: wg3w-h783)...
2026-04-29 22:01:32,807 [WARNING] Requests made without an app_token will be subject to strict throttling limits.
2026-04-29 22:01:43,275 [INFO]   Raw records from data.sfgov.org: 50000
2026-04-29 22:01:43,378 [INFO]   No records near any port from data.sfgov.org.
2026-04-29 22:01:43,391 [INFO] Fetching from data.boston.gov (dataset: qem9-ugh5)...
2026-04-29 22:01:43,391 [WARNING] Requests made without an app_token will be subject to strict throttling limits.
2026-04-29 22:01:43,724 [WARNING] Attempt 1/3 failed for dataset 'qem9-ugh5': 404 Client Error: Not Found. Retrying in 1s...
2026-04-29 22:01:44,911 [WARNING] Attempt 2/3 failed for dataset 'qem9-ugh5': 404 Client Error: Not Found. Retrying in 2s...
2026-04-29 22:01:47,065 [WARNING] Attempt 3/3 failed for dataset 'qem9-ugh5': 404 Client Error: Not Found. Retrying in 4s...
2026-04-29 22:01:51,069 [ERROR] All 3 retries exhausted for dataset 'qem9-ugh5'. Skipping.
2026-04-29 22:01:51,070 [WARNING] No records returned from data.boston.gov.
2026-04-29 22:01:51,073 [INFO] Fetching from data.oaklandca.gov (dataset: ppgh-7dqv)...
2026-04-29 22:01:51,073 [WARNING] Requests made without an app_token will be subject to strict throttling limits.
2026-04-29 22:01:59,301 [INFO]   Raw records from data.oaklandca.gov: 50000
2026-04-29 22:01:59,303 [WARNING] 'data.oaklandca.gov' missing expected columns: ['latitude', 'longitude']
2026-04-29 22:01:59,315 [INFO] Pipeline complete: 7429 total records from 3 cities.
